// Bun Snapshot v1, https://goo.gl/fbAQLP

exports[`happy path tests the results from 2023-01-01 -> 2023-02-01 are found 1`] = `
"Doc #,Rec Date,Rec Time,Type Desc.,# of Pages,Book/Page,Consideration,Court Case #,Street #,Street Name,Description,Town,Grantor,Grantee
416826,01/06/1961,00:00AM,DEED,1,04168/36,,Verified/Certified,,,,CHARLTON,PETERSON ROBERT F,DUNDERDALE CHARLES D
416827,01/06/1961,00:00AM,DEED,2,04168/37,100.00,Verified/Certified,,OLD DUDLEY RD,,OXFORD,CORTIS NORMAN E,JAVERY FRANK R
416830,01/06/1961,00:00AM,DEED,2,04168/40,100.00,Verified/Certified,,,,NORTHBRIDGE,KURTYKE JOHN L JR,KURTYKE DORIS G
416833,01/06/1961,00:00AM,DEED,2,04168/43,,Verified/Certified,,,,UXBRIDGE,HOLT CHARLES J,RICHARDSON DANIEL A
416844,01/06/1961,00:00AM,DEED,1,04168/55,100.00,Verified/Certified,,BEAVER ST,,WORCESTER,MORTON FLORENCE G,DAMELIO ALBERT V
416854,01/06/1961,00:00AM,DEED,1,04168/64,,Verified/Certified,,LAKE VIEW DR,,EAST BROOKFIELD,STEPHAN DISTRIBUTING CORP,STEPHAN CO
416855,01/06/1961,00:00AM,DEED,2,04168/65,,Verified/Certified,,CRANBROOK DR,,HOLDEN,ROBERT F DESMARAIS CONSTRUCTION INC,ADAMS GEORGE C
416865,01/06/1961,00:00AM,DEED,3,04168/77,,Verified/Certified,,COOPER RD,,NORTHBRIDGE,WRIGHT ROY L,BERGERON HOWARD
416868,01/06/1961,00:00AM,DEED,2,04168/80,,Verified/Certified,,WALNUT ST,,BERLIN,LAWRENCE J RICHARD,COLDWELL ROBERT B
416869,01/06/1961,00:00AM,DEED,2,04168/82,,Verified/Certified,,SOUTH MAIN ST,,DUDLEY,SZCZEPANIAK JOHN B,STEFANIK FRANK P
416870,01/06/1961,00:00AM,DEED,2,04168/83,,Verified/Certified,,YUKON ST,,WORCESTER,HOLLOWAY JACK,HUTTON GRAHAM M
416871,01/06/1961,00:00AM,DEED,2,04168/85,7500.00,Verified/Certified,181,MAIN ST,,BOYLSTON,WORCESTER COUNTY COMMRS,BILAZARIAN AGAVNY
416872,01/06/1961,00:00AM,DEED,2,04168/86,,Verified/Certified,,MARTIN ST,,MILLBURY,VALENTINO ANTHONY,MILLBURY DIE CO INC
416874,01/06/1961,00:00AM,DEED,2,04168/90,,Verified/Certified,,WEST MAIN ST,,UPTON,MANGO CARMINO,2
416875,01/06/1961,00:00AM,DEED,2,04168/91,,Verified/Certified,,,,SHREWSBURY,PERRON RALPH J,GRAVES RUSSELL D
416877,01/06/1961,00:00AM,DEED,2,04168/94,,Verified/Certified,,SUMMER ST,,NORTH BROOKFIELD,GAULT SARAH L,SEARS LEONARD F
416879,01/06/1961,00:00AM,DEED,2,04168/98,,Verified/Certified,,HOPKINTON RD,,SOUTHBORO,DEMONE JAMES A,NARICE ARTHUR
416881,01/06/1961,00:00AM,DEED,1,04168/100,,Verified/Certified,,,,MILLBURY,GENTILE NICHOLAS NOEL,JOHNSON STANLEY E
416884,01/06/1961,00:00AM,DEED,1,04168/104,100.00,Verified/Certified,,DANIELS ST,,HOPEDALE,YOUNG BARBARA E,YOUNG BARBARA E
416891,01/06/1961,00:00AM,DEED,2,04168/111,,Verified/Certified,,SOUTH QUINSIGAMOND AVE,,SHREWSBURY,ADAMS JOHN J,ADAMS RICHARD H
416893,01/06/1961,00:00AM,DEED,1,04168/113,500.00,Verified/Certified,,ROSEMONT RD,,WORCESTER,STARLING CLARENCE G,B A SUNDIN & SON INC
416894,01/06/1961,00:00AM,DEED,1,04168/114,,Verified/Certified,,GLEN ELLEN RD,,WORCESTER,HALLEN RUTH E,BROWN JULIUS J
416895,01/06/1961,00:00AM,DEED,2,04168/115,,Verified/Certified,,ROSEMONT RD,,WORCESTER,STARLING CLARENCE G,B A SUNDIN & SON INC
4168108,01/06/1961,00:00AM,DEED,2,04168/133,,Verified/Certified,,MILL ST,,LANCASTER,HUTCHINS WILLIAM A,HUTCHINS DONALD W
4168111,01/06/1961,00:00AM,DEED,1,04168/138,,Verified/Certified,,ANCHOR ST,,WORCESTER,CARRIGAN EVA C,MARTINEAU CHARLES E
4168114,01/06/1961,00:00AM,DEED,1,04168/142,,Verified/Certified,,JEAN ST,,GARDNER,NIVALA SULO W,DUMONT ALBERT W
4168125,01/06/1961,00:00AM,DEED,1,04168/152,,Verified/Certified,,PLEASANT ST,,GARDNER,LANDER RUTH E,CHOJNOWSKI VICTOR J
"
`;
